SQL> set feedback on
SQL> set linesize 300
SQL> set pagesize 100
SQL> 
SQL> 
SQL> DROP TABLE ORDER_DETAIL PURGE;

Table ORDER_DETAIL dropped.

SQL> DROP TABLE ORDERS PURGE;

Table ORDERS dropped.

SQL> --DROP TABLE PRODUCT PURGE;
SQL> --DROP TABLE SUPPLIER PURGE;
SQL> --DROP TABLE CATEGORY PURGE;
SQL> DROP TABLE CUSTOMER PURGE;

Table CUSTOMER dropped.

SQL> DROP TABLE EMPLOYEE PURGE;

Table EMPLOYEE dropped.

SQL> DROP TABLE SHIPPER PURGE;

Table SHIPPER dropped.

SQL> DROP TABLE COUNTRY_ORDERS PURGE;

Error starting at line : 17 in command -
DROP TABLE COUNTRY_ORDERS PURGE
Error report -
ORA-00942: table or view does not exist
00942. 00000 -  "table or view does not exist"
*Cause:    
*Action:
SQL> 
SQL> spool off
